[themeim.com/demo/milando/index-four.html]
[backblue.gif]
[fade.gif]
[index.html]
[themeim.com/demo/milando/assets/img/fav-icons/apple-touch-icon.png]
[themeim.com/demo/milando/assets/img/fav-icons/favicon-32x32.png]
[themeim.com/demo/milando/assets/img/fav-icons/favicon-16x16.png]
[themeim.com/demo/milando/dependencies/bootstrap/css/bootstrap.min.css]
[themeim.com/demo/milando/dependencies/intro/css/stylesheet.css]
[themeim.com/demo/milando/dependencies/swiper/swiper.min.css]
[themeim.com/demo/milando/dependencies/font-awesome/css/font-awesome.min.css]
[themeim.com/demo/milando/dependencies/wow/css/animate.css]
[themeim.com/demo/milando/dependencies/magnific-popup/magnific-popup.css]
[themeim.com/demo/milando/dependencies/jquery-ui/css/jquery-ui.css]
[themeim.com/demo/milando/dependencies/slick-carousel/css/slick.css]
[themeim.com/demo/milando/dependencies/colornip/css/colornip.min.css]
[themeim.com/demo/milando/dependencies/css-loader/css/css-loader.css]
[themeim.com/demo/milando/assets/css/woocommerce.css]
[themeim.com/demo/milando/assets/css/theme-color/theme-default.css]
[themeim.com/demo/milando/assets/css/app.css]
[themeim.com/demo/milando/single-product.html]
[themeim.com/demo/milando/media/product/9.jpg]
[themeim.com/demo/milando/media/product/10.jpg]
[themeim.com/demo/milando/media/product/11.jpg]
[themeim.com/demo/milando/cart.html]
[themeim.com/demo/milando/checkout.html]
[themeim.com/demo/milando/index.html]
[themeim.com/demo/milando/assets/img/logo.png]
[themeim.com/demo/milando/assets/img/logo-sticky.png]
[themeim.com/demo/milando/index-two.html]
[themeim.com/demo/milando/index-three.html]
[themeim.com/demo/milando/index-five.html]
[themeim.com/demo/milando/artist.html]
[themeim.com/demo/milando/artist-single.html]
[themeim.com/demo/milando/album.html]
[themeim.com/demo/milando/album-single.html]
[themeim.com/demo/milando/event.html]
[themeim.com/demo/milando/contact.html]
[themeim.com/demo/milando/tabs.html]
[themeim.com/demo/milando/tabs-single.html]
[themeim.com/demo/milando/blog-list-right.html]
[themeim.com/demo/milando/blog-grid-right.html]
[themeim.com/demo/milando/blog-single.html]
[themeim.com/demo/milando/gallery.html]
[themeim.com/demo/milando/shop-right.html]
[themeim.com/demo/milando/shop-left.html]
[themeim.com/demo/milando/shop-single.html]
[themeim.com/demo/milando/assets/img/logo-dark.png]
[themeim.com/demo/milando/media/tranding-album/1.jpg]
[themeim.com/demo/milando/media/tranding-album/2.jpg]
[themeim.com/demo/milando/media/tranding-album/3.jpg]
[themeim.com/demo/milando/media/tranding-album/4.jpg]
[themeim.com/demo/milando/media/tranding-album/5.jpg]
[themeim.com/demo/milando/media/tranding-album/6.jpg]
[themeim.com/demo/milando/media/background/1.jpg]
[themeim.com/demo/milando/media/artist/1.jpg]
[themeim.com/demo/milando/media/artist/2.png]
[themeim.com/demo/milando/media/background/2.jpg]
[themeim.com/demo/milando/media/background/3.jpg]
[themeim.com/demo/milando/media/tab/1.jpg]
[themeim.com/demo/milando/media/tab/2.jpg]
[themeim.com/demo/milando/media/tab/3.jpg]
[themeim.com/demo/milando/media/tab/4.jpg]
[themeim.com/demo/milando/media/tab/5.jpg]
[themeim.com/demo/milando/media/tab/6.jpg]
[themeim.com/demo/milando/media/background/4.jpg]
[themeim.com/demo/milando/media/product/1.jpg]
[themeim.com/demo/milando/media/product/2.jpg]
[themeim.com/demo/milando/media/product/3.jpg]
[themeim.com/demo/milando/media/product/4.jpg]
[themeim.com/demo/milando/media/product/5.jpg]
[themeim.com/demo/milando/media/product/6.jpg]
[themeim.com/demo/milando/media/product/7.jpg]
[themeim.com/demo/milando/media/blog/1.jpg]
[themeim.com/demo/milando/media/blog/2.jpg]
[themeim.com/demo/milando/media/blog/3.jpg]
[themeim.com/demo/milando/media/blog/4.jpg]
[themeim.com/demo/milando/media/logo/1.png]
[themeim.com/demo/milando/media/logo/2.png]
[themeim.com/demo/milando/media/logo/3.png]
[themeim.com/demo/milando/media/logo/4.png]
[themeim.com/demo/milando/media/logo/5.png]
[themeim.com/demo/milando/media/blog/f1.jpg]
[themeim.com/demo/milando/media/blog/f2.jpg]
[themeim.com/demo/milando/media/blog/f3.jpg]
[themeim.com/demo/milando/media/instagram/1.jpg]
[themeim.com/demo/milando/media/instagram/2.jpg]
[themeim.com/demo/milando/media/instagram/3.jpg]
[themeim.com/demo/milando/media/instagram/4.jpg]
[themeim.com/demo/milando/media/instagram/5.jpg]
[themeim.com/demo/milando/media/instagram/6.jpg]
[themeim.com/demo/milando/media/instagram/7.jpg]
[themeim.com/demo/milando/media/instagram/8.jpg]
[themeim.com/demo/milando/media/instagram/9.jpg]
[themeim.com/demo/milando/dependencies/jquery/jquery.min.js]
[themeim.com/demo/milando/dependencies/swiper/js/swiper.min.js]
[themeim.com/demo/milando/dependencies/swiperRunner/swiperRunner.min.js]
[themeim.com/demo/milando/dependencies/wow/js/wow.min.js]
[themeim.com/demo/milando/dependencies/jquery-ui/jquery-ui.min.js]
[themeim.com/demo/milando/dependencies/jquery.countdown/jquery.countdown.min.js]
[themeim.com/demo/milando/dependencies/bootstrap/js/bootstrap.min.js]
[themeim.com/demo/milando/dependencies/magnific-popup/js/jquery.magnific-popup.min.js]
[themeim.com/demo/milando/dependencies/jquery.spinner/js/jquery.spinner.js]
[themeim.com/demo/milando/dependencies/isotope-layout/isotope.pkgd.min.js]
[themeim.com/demo/milando/dependencies/masonry-layout/masonry.pkgd.min.js]
[themeim.com/demo/milando/dependencies/imagesloaded/imagesloaded.pkgd.min.js]
[themeim.com/demo/milando/dependencies/slick-carousel/js/slick.min.js]
[themeim.com/demo/milando/assets/js/headroom.js]
[themeim.com/demo/milando/assets/js/mp3-player-button.js]
[themeim.com/demo/milando/assets/js/soundmanager2.js]
[themeim.com/demo/milando/assets/js/smoke.js]
[themeim.com/demo/milando/dependencies/FitText.js/js/jquery.fittext.js]
[themeim.com/demo/milando/dependencies/gmap3/js/gmap3.min.js]
[themeim.com/demo/milando/dependencies/tilt.js/js/tilt.jquery.js]
[themeim.com/demo/milando/assets/js/parallax.min.js]
[themeim.com/demo/milando/dependencies/jPlayer/js/jplayer.playlist.min.js]
[themeim.com/demo/milando/assets/js/myplaylist.js]
[cdnjs.cloudflare.com/ajax/libs/gsap/1.16.1/TweenMax.min.js]
[themeim.com/demo/milando/dependencies/jPlayer/js/jquery.jplayer.min.js]
[themeim.com/demo/milando/dependencies/colornip/colornip.min.js]
[themeim.com/demo/milando/index-four.html]
[themeim.com/demo/milando/assets/js/app.js]
[themeim.com/demo/milando/dependencies/bootstrap/css/bootstrap.min.css]
[themeim.com/demo/milando/dependencies/intro/fonts/intro_inline-webfont.woff2]
[themeim.com/demo/milando/dependencies/intro/fonts/intro_inline-webfont.woff]
[themeim.com/demo/milando/dependencies/intro/css/stylesheet.css]
[themeim.com/demo/milando/dependencies/swiper/swiper.min.css]
[themeim.com/demo/milando/dependencies/font-awesome/fonts/fontawesome-webfont3e6e.woff2]
[themeim.com/demo/milando/dependencies/font-awesome/fonts/fontawesome-webfont3e6e.eot]
[themeim.com/demo/milando/dependencies/font-awesome/fonts/fontawesome-webfont3e6e.woff]
[themeim.com/demo/milando/dependencies/font-awesome/fonts/fontawesome-webfontd41d.eot]
[themeim.com/demo/milando/dependencies/font-awesome/css/font-awesome.min.css]
[themeim.com/demo/milando/dependencies/font-awesome/fonts/fontawesome-webfont3e6e.ttf]
[themeim.com/demo/milando/dependencies/wow/css/animate.css]
[themeim.com/demo/milando/dependencies/magnific-popup/magnific-popup.css]
[themeim.com/demo/milando/dependencies/font-awesome/fonts/fontawesome-webfont3e6e.svg]
[themeim.com/demo/milando/dependencies/jquery-ui/css/images/ui-icons_444444_256x240.png]
[themeim.com/demo/milando/dependencies/jquery-ui/css/images/ui-icons_555555_256x240.png]
[themeim.com/demo/milando/dependencies/jquery-ui/css/images/ui-icons_ffffff_256x240.png]
[themeim.com/demo/milando/dependencies/jquery-ui/css/images/ui-icons_777620_256x240.png]
[themeim.com/demo/milando/dependencies/jquery-ui/css/images/ui-icons_cc0000_256x240.png]
[themeim.com/demo/milando/dependencies/jquery-ui/css/images/ui-icons_777777_256x240.png]
[themeim.com/demo/milando/dependencies/jquery-ui/css/jquery-ui.css]
[themeim.com/demo/milando/dependencies/slick-carousel/css/slick.css]
[themeim.com/demo/milando/dependencies/colornip/css/colornip.min.css]
[themeim.com/demo/milando/dependencies/css-loader/css/css-loader.css]
[themeim.com/demo/milando/assets/fonts/star.eot]
[themeim.com/demo/milando/assets/fonts/stard41d.eot]
[themeim.com/demo/milando/assets/fonts/star.woff]
[themeim.com/demo/milando/assets/fonts/star.ttf]
[themeim.com/demo/milando/assets/fonts/star.svg]
[themeim.com/demo/milando/assets/css/woocommerce.css]
[themeim.com/demo/milando/media/background/2.png]
[themeim.com/demo/milando/assets/img/dm2.png]
[themeim.com/demo/milando/assets/img/dm2l.png]
[themeim.com/demo/milando/assets/fonts/tim-icon.eot]
[themeim.com/demo/milando/assets/fonts/tim-icond41d.eot]
[themeim.com/demo/milando/assets/fonts/tim-icon.woff2]
[themeim.com/demo/milando/assets/fonts/tim-icon.woff]
[themeim.com/demo/milando/assets/fonts/tim-icon.ttf]
[themeim.com/demo/milando/assets/fonts/tim-icon.svg]
[themeim.com/demo/milando/media/background/brushbg.png]
[themeim.com/demo/milando/media/background/offset-menu-bg.png]
[themeim.com/demo/milando/media/background/13.jpg]
[themeim.com/demo/milando/media/background/1.png]
[themeim.com/demo/milando/media/background/12.jpg]
[themeim.com/demo/milando/assets/img/jplayer_seeking.gif]
[themeim.com/demo/milando/assets/img/tracklist-item-bg.png]
[themeim.com/demo/milando/assets/img/arrow.png]
[themeim.com/demo/milando/media/blog/square.png]
[themeim.com/demo/milando/media/background/footer-bg.jpg]
[themeim.com/demo/milando/media/background/3.png]
[themeim.com/demo/milando/media/music/1.png]
[themeim.com/demo/milando/media/music/3.png]
[themeim.com/demo/milando/media/music/4.png]
[themeim.com/demo/milando/media/music/5.png]
[themeim.com/demo/milando/assets/img/car-arrowr.png]
[themeim.com/demo/milando/assets/img/car-arrowl.png]
[themeim.com/demo/milando/media/background/play_bg.png]
[themeim.com/demo/milando/media/background/play_bg_right.png]
[themeim.com/demo/milando/assets/img/right-arrow.png]
[themeim.com/demo/milando/assets/img/left-arrow.png]
[themeim.com/demo/milando/assets/css/app.css]
[themeim.com/demo/milando/assets/css/theme-color/theme-default.css]
[themeim.com/demo/milando/single-product.html]
[themeim.com/demo/milando/cart.html]
[themeim.com/demo/milando/checkout.html]
[themeim.com/demo/milando/assets/img/logo_5.png]
[themeim.com/demo/milando/assets/img/offset-cross2.png]
[themeim.com/demo/milando/media/background/bg5.jpg]
[themeim.com/demo/milando/media/background/mouse-move.png]
[themeim.com/demo/milando/media/artist/a1.jpg]
[themeim.com/demo/milando/media/artist/a2.jpg]
[themeim.com/demo/milando/media/artist/a3.jpg]
[themeim.com/demo/milando/media/artist/a4.jpg]
[themeim.com/demo/milando/media/album/cover.jpg]
[themeim.com/demo/milando/media/audio/test.mp3]
[themeim.com/demo/milando/media/background/record.png]
[themeim.com/demo/milando/media/background/record-shade.png]
[themeim.com/demo/milando/media/background/player-key.png]
[themeim.com/demo/milando/media/albumart/1.png]
[themeim.com/demo/milando/media/albumart/2.png]
[themeim.com/demo/milando/media/albumart/3.png]
[themeim.com/demo/milando/media/albumart/4.png]
[themeim.com/demo/milando/media/albumart/5.png]
[themeim.com/demo/milando/media/albumart/6.png]
[themeim.com/demo/milando/media/albumart/7.png]
[themeim.com/demo/milando/media/albumart/8.png]
[themeim.com/demo/milando/media/albumart/13.png]
[themeim.com/demo/milando/media/albumart/10.png]
[themeim.com/demo/milando/media/albumart/11.png]
[themeim.com/demo/milando/media/albumart/12.png]
[themeim.com/demo/milando/media/album/18.jpg]
[themeim.com/demo/milando/media/album/19.jpg]
[themeim.com/demo/milando/media/album/20.jpg]
[themeim.com/demo/milando/media/album/21.jpg]
[themeim.com/demo/milando/media/background/round_black.svg]
[themeim.com/demo/milando/media/background/round.svg]
[themeim.com/demo/milando/media/performance/vid-1.jpg]
[themeim.com/demo/milando/media/product/51.jpg]
[themeim.com/demo/milando/media/product/52.jpg]
[themeim.com/demo/milando/media/product/53.jpg]
[themeim.com/demo/milando/media/logo/21.png]
[themeim.com/demo/milando/media/logo/22.png]
[themeim.com/demo/milando/media/logo/23.png]
[themeim.com/demo/milando/media/logo/24.png]
[themeim.com/demo/milando/media/instagram/f1.jpg]
[themeim.com/demo/milando/media/instagram/f2.jpg]
[themeim.com/demo/milando/media/instagram/f3.jpg]
[themeim.com/demo/milando/media/instagram/f4.jpg]
[themeim.com/demo/milando/media/instagram/f5.jpg]
[themeim.com/demo/milando/media/instagram/f6.jpg]
[themeim.com/demo/milando/media/instagram/f7.jpg]
[themeim.com/demo/milando/media/instagram/f8.jpg]
[themeim.com/demo/milando/assets/img/logo_5_dark.png]
[themeim.com/demo/milando/index.html]
[themeim.com/demo/milando/media/banner/1.png]
[themeim.com/demo/milando/media/banner/2.png]
[themeim.com/demo/milando/media/upc/2.jpg]
[themeim.com/demo/milando/media/upc/3.jpg]
[themeim.com/demo/milando/media/background/15.jpg]
[themeim.com/demo/milando/media/album/9.jpg]
[themeim.com/demo/milando/media/album/10.jpg]
[themeim.com/demo/milando/media/album/11.jpg]
[themeim.com/demo/milando/media/album/12.jpg]
[themeim.com/demo/milando/media/album/13.jpg]
[themeim.com/demo/milando/media/album/14.jpg]
[themeim.com/demo/milando/media/album/15.jpg]
[themeim.com/demo/milando/media/album/16.jpg]
[themeim.com/demo/milando/media/background/16.jpg]
[themeim.com/demo/milando/media/product/13.jpg]
[themeim.com/demo/milando/media/background/17.jpg]
[themeim.com/demo/milando/index-two.html]
[themeim.com/demo/milando/media/tranding-album/7.jpg]
[themeim.com/demo/milando/media/tranding-album/8.jpg]
[themeim.com/demo/milando/media/tranding-album/9.jpg]
[themeim.com/demo/milando/media/tranding-album/10.jpg]
[themeim.com/demo/milando/media/tranding-album/11.jpg]
[themeim.com/demo/milando/media/tranding-album/12.jpg]
[themeim.com/demo/milando/media/tranding-album/13.jpg]
[themeim.com/demo/milando/media/tranding-album/14.jpg]
[themeim.com/demo/milando/media/background/6.jpg]
[themeim.com/demo/milando/media/concerts/1.jpg]
[themeim.com/demo/milando/media/concerts/2.jpg]
[themeim.com/demo/milando/media/concerts/3.jpg]
[themeim.com/demo/milando/media/concerts/4.jpg]
[themeim.com/demo/milando/media/lesson/1.jpg]
[themeim.com/demo/milando/media/lesson/2.jpg]
[themeim.com/demo/milando/media/lesson/3.jpg]
[themeim.com/demo/milando/media/lesson/4.jpg]
[themeim.com/demo/milando/index-three.html]
[themeim.com/demo/milando/media/background/9.jpg]
[themeim.com/demo/milando/media/blog/m1.jpg]
[themeim.com/demo/milando/media/blog/m2.jpg]
[themeim.com/demo/milando/media/blog/m3.jpg]
[themeim.com/demo/milando/media/blog/m4.jpg]
[themeim.com/demo/milando/media/blog/bp1.jpg]
[themeim.com/demo/milando/media/blog/bp2.jpg]
[themeim.com/demo/milando/media/blog/bp3.jpg]
[themeim.com/demo/milando/media/blog/mp1.jpg]
[themeim.com/demo/milando/media/blog/mp2.jpg]
[themeim.com/demo/milando/media/blog/mp3.jpg]
[themeim.com/demo/milando/media/blog/mp4.jpg]
[themeim.com/demo/milando/media/blog/mp5.jpg]
[themeim.com/demo/milando/media/blog/tab1.jpg]
[themeim.com/demo/milando/media/blog/tab2.jpg]
[themeim.com/demo/milando/media/blog/tab3.jpg]
[themeim.com/demo/milando/media/blog/tab4.jpg]
[themeim.com/demo/milando/media/blog/ma1.jpg]
[themeim.com/demo/milando/media/blog/ma3.jpg]
[themeim.com/demo/milando/media/blog/ma2.jpg]
[themeim.com/demo/milando/media/blog/bv1.jpg]
[themeim.com/demo/milando/media/blog/mv1.jpg]
[themeim.com/demo/milando/media/blog/mv2.jpg]
[themeim.com/demo/milando/media/blog/mv3.jpg]
[themeim.com/demo/milando/media/blog/mv4.jpg]
[themeim.com/demo/milando/media/blog/nc1.jpg]
[themeim.com/demo/milando/media/blog/ncs1.jpg]
[themeim.com/demo/milando/media/blog/ncs2.jpg]
[themeim.com/demo/milando/media/blog/nc2.jpg]
[themeim.com/demo/milando/media/blog/ncs3.jpg]
[themeim.com/demo/milando/media/blog/ncs4.jpg]
[themeim.com/demo/milando/media/blog/ncl1.jpg]
[themeim.com/demo/milando/media/blog/ncl2.jpg]
[themeim.com/demo/milando/media/blog/ncl3.jpg]
[themeim.com/demo/milando/media/blog/hot1.jpg]
[themeim.com/demo/milando/media/blog/s1.jpg]
[themeim.com/demo/milando/media/blog/hot3.jpg]
[themeim.com/demo/milando/media/blog/hot2.jpg]
[themeim.com/demo/milando/media/blog/adv.jpg]
[themeim.com/demo/milando/media/blog/ms1.jpg]
[themeim.com/demo/milando/media/blog/ms2.jpg]
[themeim.com/demo/milando/media/blog/ms3.jpg]
[themeim.com/demo/milando/media/blog/ms4.jpg]
[themeim.com/demo/milando/media/blog/mm1.jpg]
[themeim.com/demo/milando/media/blog/mm2.jpg]
[themeim.com/demo/milando/media/blog/mm3.jpg]
[themeim.com/demo/milando/media/blog/mm4.jpg]
[themeim.com/demo/milando/index-five.html]
[themeim.com/demo/milando/media/background/7.jpg]
[themeim.com/demo/milando/media/about/6.jpg]
[themeim.com/demo/milando/media/about/7.jpg]
[themeim.com/demo/milando/media/about/8.jpg]
[themeim.com/demo/milando/media/about/9.jpg]
[themeim.com/demo/milando/media/about/10.jpg]
[themeim.com/demo/milando/media/about/11.jpg]
[themeim.com/demo/milando/media/about/12.jpg]
[themeim.com/demo/milando/media/background/18.jpg]
[themeim.com/demo/milando/media/about/13.jpg]
[themeim.com/demo/milando/media/about/14.jpg]
[themeim.com/demo/milando/media/about/15.jpg]
[themeim.com/demo/milando/media/about/16.jpg]
[themeim.com/demo/milando/artist.html]
[themeim.com/demo/milando/media/about/1.jpg]
[themeim.com/demo/milando/media/about/2.jpg]
[themeim.com/demo/milando/media/about/3.jpg]
[themeim.com/demo/milando/media/audio/01.mp3]
[themeim.com/demo/milando/media/audio/02.mp3]
[themeim.com/demo/milando/media/audio/03.mp3]
[themeim.com/demo/milando/media/audio/04.mp3]
[themeim.com/demo/milando/media/audio/05.mp3]
[themeim.com/demo/milando/media/audio/adventures.mp3]
[themeim.com/demo/milando/media/audio/high_release.mp3]
[themeim.com/demo/milando/media/audio/motivational_back_round.mp3]
[themeim.com/demo/milando/media/audio/nicolai_heidlas.mp3]
[themeim.com/demo/milando/media/audio/sappheiros.mp3]
[themeim.com/demo/milando/media/artist/3.jpg]
[themeim.com/demo/milando/media/audio/happy_life.mp3]
[themeim.com/demo/milando/media/audio/island.mp3]
[themeim.com/demo/milando/media/audio/sthlm_sunset.mp3]
[themeim.com/demo/milando/media/audio/beach.mp3]
[themeim.com/demo/milando/media/audio/dance.mp3]
[themeim.com/demo/milando/media/artist/4.jpg]
[themeim.com/demo/milando/media/audio/paradise.mp3]
[themeim.com/demo/milando/media/audio/this_is_me.mp3]
[themeim.com/demo/milando/media/audio/come_home.mp3]
[themeim.com/demo/milando/media/audio/sunshines.mp3]
[themeim.com/demo/milando/media/artist/5.jpg]
[themeim.com/demo/milando/media/audio/summer_spliffs.mp3]
[themeim.com/demo/milando/media/audio/star_eyes.mp3]
[themeim.com/demo/milando/media/audio/lotus_lane.mp3]
[themeim.com/demo/milando/media/audio/reloaded.mp3]
[themeim.com/demo/milando/media/audio/umbra_feat_sal_berkmin.mp3]
[themeim.com/demo/milando/artist-single.html]
[themeim.com/demo/milando/media/background/8.jpg]
[themeim.com/demo/milando/media/album/1.jpg]
[themeim.com/demo/milando/media/album/2.jpg]
[themeim.com/demo/milando/media/album/3.jpg]
[themeim.com/demo/milando/media/album/4.jpg]
[themeim.com/demo/milando/media/album/5.jpg]
[themeim.com/demo/milando/media/album/6.jpg]
[themeim.com/demo/milando/media/album/7.jpg]
[themeim.com/demo/milando/media/album/8.jpg]
[themeim.com/demo/milando/album.html]
[themeim.com/demo/milando/media/album/17.jpg]
[themeim.com/demo/milando/media/album/ra1.jpg]
[themeim.com/demo/milando/media/album/ra2.jpg]
[themeim.com/demo/milando/media/album/ra3.jpg]
[themeim.com/demo/milando/media/album/ra4.jpg]
[themeim.com/demo/milando/media/blog/fb1.jpg]
[themeim.com/demo/milando/media/blog/fb2.jpg]
[themeim.com/demo/milando/media/blog/fb3.jpg]
[themeim.com/demo/milando/album-single.html]
[themeim.com/demo/milando/media/about/4.jpg]
[themeim.com/demo/milando/media/background/10.jpg]
[themeim.com/demo/milando/media/schedule/1.jpg]
[themeim.com/demo/milando/media/schedule/2.jpg]
[themeim.com/demo/milando/media/schedule/3.jpg]
[themeim.com/demo/milando/media/schedule/4.jpg]
[themeim.com/demo/milando/media/performance/1.jpg]
[themeim.com/demo/milando/media/performance/2.jpg]
[themeim.com/demo/milando/media/performance/3.jpg]
[themeim.com/demo/milando/media/performance/4.jpg]
[themeim.com/demo/milando/event.html]
[themeim.com/demo/milando/assets/img/map-marker.png]
[themeim.com/demo/milando/contact.html]
[themeim.com/demo/milando/aritist.html]
[themeim.com/demo/milando/tabs.html]
[themeim.com/demo/milando/assets/img/offset-cross.png]
[themeim.com/demo/milando/media/tab/7.jpg]
[themeim.com/demo/milando/media/tab/mus-letter.png]
[themeim.com/demo/milando/media/tab/guiter-tar.png]
[themeim.com/demo/milando/media/tab/8.jpg]
[themeim.com/demo/milando/tabs-single.html]
[themeim.com/demo/milando/media/blog/5.jpg]
[themeim.com/demo/milando/media/blog/13.jpg]
[themeim.com/demo/milando/media/blog/14.jpg]
[themeim.com/demo/milando/media/blog/15.jpg]
[themeim.com/demo/milando/media/about/5.jpg]
[themeim.com/demo/milando/media/blog/7.jpg]
[themeim.com/demo/milando/media/blog/8.jpg]
[themeim.com/demo/milando/media/blog/9.jpg]
[themeim.com/demo/milando/blog-list-right.html]
[themeim.com/demo/milando/media/blog/16.jpg]
[themeim.com/demo/milando/media/blog/17.jpg]
[themeim.com/demo/milando/media/blog/18.jpg]
[themeim.com/demo/milando/media/blog/19.jpg]
[themeim.com/demo/milando/media/blog/20.jpg]
[themeim.com/demo/milando/blog-grid-right.html]
[themeim.com/demo/milando/media/blog/10.jpg]
[themeim.com/demo/milando/media/blog/11.jpg]
[themeim.com/demo/milando/media/blog/12.jpg]
[themeim.com/demo/milando/blog-single.html]
[themeim.com/demo/milando/media/gallery/1.jpg]
[themeim.com/demo/milando/media/gallery/2.jpg]
[themeim.com/demo/milando/media/gallery/3.jpg]
[themeim.com/demo/milando/media/gallery/4.jpg]
[themeim.com/demo/milando/media/gallery/5.jpg]
[themeim.com/demo/milando/media/gallery/6.jpg]
[themeim.com/demo/milando/media/gallery/7.jpg]
[themeim.com/demo/milando/media/gallery/8.jpg]
[themeim.com/demo/milando/media/gallery/9.jpg]
[themeim.com/demo/milando/media/gallery/10.jpg]
[themeim.com/demo/milando/media/gallery/11.jpg]
[themeim.com/demo/milando/media/gallery/12.jpg]
[themeim.com/demo/milando/gallery.html]
[themeim.com/demo/milando/media/product/17.jpg]
[themeim.com/demo/milando/media/product/18.jpg]
[themeim.com/demo/milando/media/product/19.jpg]
[themeim.com/demo/milando/media/product/12.jpg]
[themeim.com/demo/milando/media/product/14.jpg]
[themeim.com/demo/milando/media/background/14.jpg]
[themeim.com/demo/milando/shop-right.html]
[themeim.com/demo/milando/shop-left.html]
[themeim.com/demo/milando/media/product/20.jpg]
[themeim.com/demo/milando/media/product/21.jpg]
[themeim.com/demo/milando/media/product/22.jpg]
[themeim.com/demo/milando/media/product/23.jpg]
[themeim.com/demo/milando/shop-single.html]
[themeim.com/demo/milando/dependencies/font-awesome/fonts/fontawesome-webfont3e6e.svg]
[themeim.com/demo/milando/dependencies/jquery-ui/css/images/ui-icons_444444_256x240.html]
[themeim.com/demo/milando/dependencies/jquery-ui/css/images/ui-icons_555555_256x240.html]
[themeim.com/demo/milando/dependencies/jquery-ui/css/images/ui-icons_ffffff_256x240.html]
[themeim.com/demo/milando/dependencies/jquery-ui/css/images/ui-icons_777620_256x240.html]
[themeim.com/demo/milando/dependencies/jquery-ui/css/images/ui-icons_cc0000_256x240.html]
[themeim.com/demo/milando/dependencies/jquery-ui/css/images/ui-icons_777777_256x240.html]
[themeim.com/demo/milando/assets/fonts/star.svg]
[themeim.com/demo/milando/media/background/2.html]
[themeim.com/demo/milando/assets/fonts/tim-icon.html]
[themeim.com/demo/milando/media/background/round_black.svg]
[themeim.com/demo/milando/media/background/round.svg]
[themeim.com/demo/milando/aritist.html]
[themeim.com/demo/milando/media/upc/1.jpg]
[themeim.com/demo/milando/media/music/2.png]
[themeim.com/demo/milando/media/audio/happy.mp3]
[d13yacurqjgara.cloudfront.net/users/729829/screenshots/2340395/colorhunt.gif]
